nodes=37,116 unique directed edges=39,680
epoch  20 loss 0.7170 val AUC 0.7136
epoch  40 loss 0.4774 val AUC 0.3832
epoch  60 loss 0.4323 val AUC 0.2981
epoch  80 loss 0.4183 val AUC 0.2972
epoch 100 loss 0.4073 val AUC 0.2903
{
  "nodes": 37116,
  "unique_edges": 39680,
  "train/val/test": [
    27776,
    5952,
    5952
  ],
  "graphsage_val_auc": 0.7769,
  "graphsage_test_auc": 0.7749,
  "baseline_degree_product_test_auc": 0.8551,
  "loss_first_last": [
    10.4773,
    0.4073
  ],
  "note": "features from train edges; message passing on 80% of train edges, loss on the other 20%; random edge split; random negatives"
}
